
Success: False
Event(
    type: 0
    size: 0
    status_code: 0
    checksum: 0
    payload: 
    has_checksum: False
)
    
