
Success: False
Event(
    type: 0
    size: 0
    status_code: Unknown
    checksum: 0
    payload: None
    has_checksum: False
)
    
